---
source: crates/stroop-text-assembly/tests/fixtures.rs
expression: compiled
---
CompiledModule {
    types: [],
    functions: [],
    instructions: [
        LoadConstF64 {
            dst: 5,
            index: 0,
        },
        LoadConstF64 {
            dst: 6,
            index: 1,
        },
        LoadConstF64 {
            dst: 0,
            index: 2,
        },
        Mov {
            dst: 7,
            src: 0,
        },
        LoadConstF64 {
            dst: 1,
            index: 3,
        },
        Mov {
            dst: 7,
            src: 1,
        },
        Mov {
            dst: 4,
            src: 5,
        },
        Mov {
            dst: 7,
            src: 4,
        },
        F64Sub {
            dst: 0,
            lhs: 0,
            rhs: 6,
        },
        Mov {
            dst: 8,
            src: 0,
        },
        F64Lt {
            dst: 8,
            lhs: 0,
            rhs: 5,
        },
        JumpIf {
            cond: 8,
            target: 26,
        },
        Mov {
            dst: 2,
            src: 1,
        },
        Mov {
            dst: 7,
            src: 2,
        },
        Mov {
            dst: 3,
            src: 2,
        },
        Mov {
            dst: 7,
            src: 3,
        },
        F64Sub {
            dst: 2,
            lhs: 2,
            rhs: 6,
        },
        Mov {
            dst: 8,
            src: 2,
        },
        F64Le {
            dst: 8,
            lhs: 2,
            rhs: 6,
        },
        JumpIf {
            cond: 8,
            target: 23,
        },
        F64Mul {
            dst: 3,
            lhs: 3,
            rhs: 2,
        },
        Mov {
            dst: 7,
            src: 3,
        },
        Jump {
            target: 16,
        },
        F64Add {
            dst: 4,
            lhs: 4,
            rhs: 3,
        },
        Mov {
            dst: 7,
            src: 4,
        },
        Jump {
            target: 8,
        },
        Mov {
            dst: 8,
            src: 4,
        },
        Call {
            func: 0,
            base: 8,
            argc: 1,
            dst: 7,
        },
        Mov {
            dst: 0,
            src: 7,
        },
        Halt,
    ],
    imports: [
        Import {
            module: "console",
            name: "log",
            alias: Some(
                "$log",
            ),
            func_type: FuncType {
                params: [
                    F64,
                ],
                results: [],
            },
            span: Span {
                start: 538,
                end: 586,
            },
        },
    ],
    constant_pool: [
        F64(
            0.0,
        ),
        F64(
            1.0,
        ),
        F64(
            4000000.0,
        ),
        F64(
            100.0,
        ),
    ],
}
